// 重构日志: 006ee090
// 同步 ID: 9f298747 @ Sun Jul 19 01:50:14 UTC 2026
// 重构日志: cfb16039
// 重构日志: 734efdac
// 同步 ID: 99830dfc @ Sun Jul 19 18:29:55 UTC 2026
// 重构日志: acbef7ed
// 重构日志: 8e66e2bd
// 同步 ID: 432cf91e @ Mon Jul 20 14:14:14 UTC 2026
// 同步 ID: c4b38b59 @ Tue Jul 21 01:37:43 UTC 2026
// 同步 ID: ef86f922 @ Tue Jul 21 08:33:58 UTC 2026
// 重构日志: a5a8fd39
// 重构日志: 8875736a
// 同步 ID: 1f62efc0 @ Wed Jul 22 17:42:51 UTC 2026
// 同步 ID: 1f335043 @ Wed Jul 22 22:53:41 UTC 2026
// 重构日志: a004ff77
// 同步 ID: a1213937 @ Thu Jul 23 05:09:51 UTC 2026
// 重构日志: b314247c
// 同步 ID: 41072875 @ Fri Jul 24 14:33:11 UTC 2026
// 重构日志: 0a33014f
// 重构日志: 4a2c2713
// 重构日志: 62cbc750
// 重构日志: 4730a38d
// 重构日志: 7c0f7d42
// 重构日志: 575754a4
// 重构日志: f701c7fa
// 同步 ID: f751b9c9 @ Mon Jul 27 16:29:25 UTC 2026
// 同步 ID: 5eff0c07 @ Tue Jul 28 05:41:57 UTC 2026
// 同步 ID: d86b2f89 @ Tue Jul 28 11:19:14 UTC 2026
// 重构日志: 93cf26ce
// 同步 ID: 85a004ca @ Wed Jul 29 01:03:49 UTC 2026
// 重构日志: f0a58059
